[INFO] Scanning for projects...
[INFO] 
[INFO] -------------------------< com.bank:modernize >-------------------------
[INFO] Building CBB-BACKEND 0.0.1-SNAPSHOT
[INFO]   from pom.xml
[INFO] --------------------------------[ jar ]---------------------------------
[INFO] 
[INFO] --- resources:3.3.1:resources (default-resources) @ modernize ---
[INFO] Copying 1 resource from src\main\resources to target\classes
[INFO] Copying 0 resource from src\main\resources to target\classes
[INFO] 
[INFO] --- compiler:3.11.0:compile (default-compile) @ modernize ---
[INFO] Changes detected - recompiling the module! :source
[INFO] Compiling 62 source files with javac [debug release 17] to target\classes
[INFO] -------------------------------------------------------------
[ERROR] COMPILATION ERROR : 
[INFO] -------------------------------------------------------------
[ERROR] /D:/UI_Design/CBB_project/CBB_Backend-main/src/main/java/com/bank/modernize/controller/AdminDashboardController.java:[18,41] variable dashboardService not initialized in the default constructor
[INFO] 1 error
[INFO] -------------------------------------------------------------
[INFO] ------------------------------------------------------------------------
[INFO] BUILD FAILURE
[INFO] ------------------------------------------------------------------------
[INFO] Total time:  2.746 s
[INFO] Finished at: 2026-02-11T13:42:46+05:30
[INFO] ------------------------------------------------------------------------
[ERROR] Failed to execute goal org.apache.maven.plugins:maven-compiler-plugin:3.11.0:compile (default-compile) on project modernize: Compilation failure
[ERROR] /D:/UI_Design/CBB_project/CBB_Backend-main/src/main/java/com/bank/modernize/controller/AdminDashboardController.java:[18,41] variable dashboardService not initialized in the default constructor
[ERROR] 
[ERROR] -> [Help 1]
[ERROR] 
[ERROR] To see the full stack trace of the errors, re-run Maven with the -e switch.
[ERROR] Re-run Maven using the -X switch to enable full debug logging.
[ERROR] 
[ERROR] For more information about the errors and possible solutions, please read the following articles:
[ERROR] [Help 1] http://cwiki.apache.org/confluence/display/MAVEN/MojoFailureException
